root@OpenWrt:~# dmesg
[    0.000000] Booting Linux on physical CPU 0x0
[    0.000000] Linux version 7.1.0-10055-g921dfff644cc-dirty (f78fk@liuyu-pc) (arm-linux-gnueabihf-gcc (Ubuntu 13.3.0-6ubuntu2~24.04.1) 13.3.0, GNU ld (GNU Binutils for Ubuntu) 2.42) #10 SMP Sat Jun 20 16:36:05 CST 2026
[    0.000000] CPU: ARMv7 Processor [413fc090] revision 0 (ARMv7), cr=18c5387d
[    0.000000] CPU: PIPT / VIPT nonaliasing data cache, VIPT aliasing instruction cache
[    0.000000] OF: fdt: Machine model: MYIR MYS-7Z020-V2 Board
[    0.000000] Memory policy: Data cache writealloc
[    0.000000] efi: UEFI not found.
[    0.000000] cma: Reserved 64 MiB at 0x3c000000
[    0.000000] OF: reserved mem: Reserved memory: No reserved-memory node in the DT
[    0.000000] Zone ranges:
[    0.000000]   Normal   [mem 0x0000000000000000-0x000000002fffffff]
[    0.000000]   HighMem  [mem 0x0000000030000000-0x000000003fffffff]
[    0.000000] Movable zone start for each node
[    0.000000] Early memory node ranges
[    0.000000]   node   0: [mem 0x0000000000000000-0x000000003fffffff]
[    0.000000] Initmem setup node 0 [mem 0x0000000000000000-0x000000003fffffff]
[    0.000000] percpu: Embedded 19 pages/cpu s47756 r8192 d21876 u77824
[    0.000000] pcpu-alloc: s47756 r8192 d21876 u77824 alloc=19*4096
[    0.000000] pcpu-alloc: [0] 0 [0] 1
[    0.000000] Kernel command line: console=ttyPS0,115200 root=/dev/mmcblk0p2 rw rootwait
[    0.000000] printk: log buffer data + meta data: 131072 + 409600 = 540672 bytes
[    0.000000] Dentry cache hash table entries: 131072 (order: 7, 524288 bytes, linear)
[    0.000000] Inode-cache hash table entries: 65536 (order: 6, 262144 bytes, linear)
[    0.000000] Built 1 zonelists, mobility grouping on.  Total pages: 262144
[    0.000000] mem auto-init: stack:all(zero), heap alloc:off, heap free:off
[    0.000000] SLUB: HWalign=32, Order=0-3, MinObjects=0, CPUs=2, Nodes=1
[    0.000000] rcu: Hierarchical RCU implementation.
[    0.000000] rcu:     RCU event tracing is enabled.
[    0.000000] rcu:     RCU restricting CPUs from NR_CPUS=16 to nr_cpu_ids=2.
[    0.000000] rcu: RCU calculated value of scheduler-enlistment delay is 10 jiffies.
[    0.000000] rcu: Adjusting geometry for rcu_fanout_leaf=16, nr_cpu_ids=2
[    0.000000] NR_IRQS: 16, nr_irqs: 16, preallocated irqs: 16
[    0.000000] slcr mapped to (ptrval)
[    0.000000] L2C: platform modifies aux control register: 0x72360000 -> 0x72760000
[    0.000000] L2C: DT/platform modifies aux control register: 0x72360000 -> 0x72760000
[    0.000000] L2C-310 enabling early BRESP for Cortex-A9
[    0.000000] L2C-310 full line of zeros enabled for Cortex-A9
[    0.000000] L2C-310 ID prefetch enabled, offset 1 lines
[    0.000000] L2C-310 dynamic clock gating enabled, standby mode enabled
[    0.000000] L2C-310 cache controller enabled, 8 ways, 512 kB
[    0.000000] L2C-310: CACHE_ID 0x410000c8, AUX_CTRL 0x76760001
[    0.000000] rcu: srcu_init: Setting srcu_struct sizes based on contention.
[    0.000000] clocksource: jiffies: mask: 0xffffffff max_cycles: 0xffffffff, max_idle_ns: 19112604462750000 ns
[    0.000000] zynq_clock_init: clkc starts at (ptrval)
[    0.000000] Zynq clock init
[    0.000002] sched_clock: 64 bits at 167MHz, resolution 6ns, wraps every 4398046511103ns
[    0.000023] clocksource: arm_global_timer: mask: 0xffffffffffffffff max_cycles: 0x26703d7dd8, max_idle_ns: 440795208065 ns
[    0.000054] Switching to timer-based delay loop, resolution 6ns
[    0.000434] Console: colour dummy device 80x30
[    0.000491] Calibrating delay loop (skipped), value calculated using timer frequency.. 333.33 BogoMIPS (lpj=1666666)
[    0.000507] CPU: Testing write buffer coherency: ok
[    0.000561] CPU0: Spectre v2: using BPIALL workaround
[    0.000569] pid_max: default: 32768 minimum: 301
[    0.000834] Mount-cache hash table entries: 2048 (order: 1, 8192 bytes, linear)
[    0.000853] Mountpoint-cache hash table entries: 2048 (order: 1, 8192 bytes, linear)
[    0.001221] VFS: Finished mounting rootfs on nullfs
[    0.001920] CPU0: thread -1, cpu 0, socket 0, mpidr 80000000
[    0.001960] cacheinfo: Unable to detect cache hierarchy for CPU 0
[    0.003476] Setting up static identity map for 0x100000 - 0x100060
[    0.003747] rcu: Hierarchical SRCU implementation.
[    0.003754] rcu:     Max phase no-delay instances is 1000.
[    0.004147] Timer migration: 1 hierarchy levels; 8 children per group; 1 crossnode level
[    0.004368] EFI services will not be available.
[    0.004578] smp: Bringing up secondary CPUs ...
[    0.005591] CPU1: thread -1, cpu 1, socket 0, mpidr 80000001
[    0.005684] CPU1: Spectre v2: using BPIALL workaround
[    0.005877] smp: Brought up 1 node, 2 CPUs
[    0.005890] SMP: Total of 2 processors activated (666.66 BogoMIPS).
[    0.005900] CPU: All CPU(s) started in SVC mode.
[    0.006124] Memory: 947920K/1048576K available (14336K kernel code, 1549K rwdata, 3920K rodata, 1024K init, 294K bss, 32044K reserved, 65536K cma-reserved, 196608K highmem)
[    0.006908] devtmpfs: initialized
[    0.011756] VFP support v0.3: implementor 41 architecture 3 part 30 variant 9 rev 4
[    0.012064] posixtimers hash table entries: 1024 (order: 1, 8192 bytes, linear)
[    0.012130] futex hash table entries: 512 (32768 bytes on 1 NUMA nodes, total 32 KiB, linear).
[    0.014593] DMI: not present or invalid.
[    0.015585] NET: Registered PF_NETLINK/PF_ROUTE protocol family
[    0.017592] DMA: preallocated 256 KiB pool for atomic coherent allocations
[    0.018991] thermal_sys: Registered thermal governor 'step_wise'
[    0.019097] cpuidle: using governor menu
[    0.023463] /axi/etb@f8801000: Fixed dependency cycle(s) with /replicator
[    0.023597] /axi/tpiu@f8803000: Fixed dependency cycle(s) with /replicator
[    0.023627] /axi/funnel@f8804000: Fixed dependency cycle(s) with /axi/ptm@f889d000
[    0.023650] /axi/funnel@f8804000: Fixed dependency cycle(s) with /axi/ptm@f889c000
[    0.023674] /axi/funnel@f8804000: Fixed dependency cycle(s) with /replicator
[    0.023718] /axi/ptm@f889c000: Fixed dependency cycle(s) with /axi/funnel@f8804000
[    0.023754] /axi/ptm@f889d000: Fixed dependency cycle(s) with /axi/funnel@f8804000
[    0.027685] /replicator: Fixed dependency cycle(s) with /axi/etb@f8801000
[    0.027804] /axi/etb@f8801000: Fixed dependency cycle(s) with /replicator
[    0.028077] /replicator: Fixed dependency cycle(s) with /axi/tpiu@f8803000
[    0.028202] /axi/tpiu@f8803000: Fixed dependency cycle(s) with /replicator
[    0.028494] /replicator: Fixed dependency cycle(s) with /axi/funnel@f8804000
[    0.028594] /axi/funnel@f8804000: Fixed dependency cycle(s) with /axi/ptm@f889d000
[    0.028620] /axi/funnel@f8804000: Fixed dependency cycle(s) with /axi/ptm@f889c000
[    0.028642] /axi/funnel@f8804000: Fixed dependency cycle(s) with /replicator
[    0.028920] /axi/funnel@f8804000: Fixed dependency cycle(s) with /axi/ptm@f889c000
[    0.029028] /axi/ptm@f889c000: Fixed dependency cycle(s) with /axi/funnel@f8804000
[    0.029314] /axi/funnel@f8804000: Fixed dependency cycle(s) with /axi/ptm@f889d000
[    0.029429] /axi/ptm@f889d000: Fixed dependency cycle(s) with /axi/funnel@f8804000
[    0.030354] No ATAGs?
[    0.030438] hw-breakpoint: found 5 (+1 reserved) breakpoint and 1 watchpoint registers.
[    0.030450] hw-breakpoint: maximum watchpoint size is 4 bytes.
[    0.046338] SCSI subsystem initialized
[    0.046662] libata version 3.00 loaded.
[    0.046969] usbcore: registered new interface driver usbfs
[    0.047027] usbcore: registered new interface driver hub
[    0.047076] usbcore: registered new device driver usb
[    0.047541] pps_core: LinuxPPS API ver. 1 registered
[    0.047549] pps_core: Software ver. 5.3.6 - Copyright 2005-2007 Rodolfo Giometti <giometti@linux.it>
[    0.047585] PTP clock support registered
[    0.047648] EDAC MC: Ver: 3.0.0
[    0.052847] clocksource: Switched to clocksource arm_global_timer
[    0.064712] NET: Registered PF_INET protocol family
[    0.064969] IP idents hash table entries: 16384 (order: 5, 131072 bytes, linear)
[    0.067118] tcp_listen_portaddr_hash hash table entries: 512 (order: 0, 4096 bytes, linear)
[    0.067151] Table-perturb hash table entries: 65536 (order: 6, 262144 bytes, linear)
[    0.067167] TCP established hash table entries: 8192 (order: 3, 32768 bytes, linear)
[    0.067257] TCP bind hash table entries: 8192 (order: 5, 131072 bytes, linear)
[    0.067532] TCP: Hash tables configured (established 8192 bind 8192)
[    0.067646] UDP hash table entries: 512 (order: 3, 28672 bytes, linear)
[    0.067895] NET: Registered PF_UNIX/PF_LOCAL protocol family
[    0.070768] RPC: Registered named UNIX socket transport module.
[    0.070780] RPC: Registered udp transport module.
[    0.070786] RPC: Registered tcp transport module.
[    0.070790] RPC: Registered tcp-with-tls transport module.
[    0.070795] RPC: Registered tcp NFSv4.1 backchannel transport module.
[    0.072007] Initialise system trusted keyrings
[    0.075750] workingset: timestamp_bits=30 (anon: 26) max_order=18 bucket_order=0 (anon: 0)
[    0.076346] squashfs: version 4.0 (2009/01/31) Phillip Lougher
[    0.081311] NFS: Registering the id_resolver key type
[    0.081349] Key type id_resolver registered
[    0.081356] Key type id_legacy registered
[    0.081392] nfs4filelayout_init: NFSv4 File Layout Driver Registering...
[    0.081401] nfs4flexfilelayout_init: NFSv4 Flexfile Layout Driver Registering...
[    0.082000] Key type asymmetric registered
[    0.082012] Asymmetric key parser 'x509' registered
[    0.082122] Block layer SCSI generic (bsg) driver version 0.4 loaded (major 243)
[    0.082134] io scheduler mq-deadline registered
[    0.082141] io scheduler kyber registered
[    0.082182] io scheduler bfq registered
[    0.085211] zynq-pinctrl 700.pinctrl: zynq pinctrl initialized
[    0.089288] ledtrig-cpu: registered to indicate activity on CPUs
[    0.164572] Serial: 8250/16550 driver, 5 ports, IRQ sharing enabled
[    0.189961] brd: module loaded
[    0.197214] loop: module loaded
[    0.200306] spi-nor spi0.0: supply vcc not found, using dummy regulator
[    0.210473] 7 fixed-partitions partitions found on MTD device spi0.0
[    0.210493] Creating 7 MTD partitions on "spi0.0":
[    0.210503] 0x000000000000-0x000000080000 : "qspi-boot"
[    0.225461] 0x000000080000-0x0000000a0000 : "qspi-bootenv"
[    0.239576] 0x0000000a0000-0x000000500000 : "qspi-bitstream"
[    0.253779] 0x000000500000-0x000000980000 : "qspi-kernel"
[    0.270509] 0x000000980000-0x000000990000 : "qspi-devicetree"
[    0.272246] 0x000000990000-0x000000f90000 : "qspi-rootfs"
[    0.273875] 0x000000f90000-0x000001000000 : "data"
[    0.276080] wireguard: WireGuard 1.0.0 loaded. See www.wireguard.com for information.
[    0.276089] wireguard: Copyright (C) 2015-2019 Jason A. Donenfeld <Jason@zx2c4.com>. All Rights Reserved.
[    0.277650] tun: Universal TUN/TAP device driver, 1.6
[    0.277976] CAN device driver interface
[    0.430869] macb e000b000.ethernet eth0: Cadence GEM rev 0x00020118 at 0xe000b000 irq 28 (00:0a:35:00:1e:53)
[    0.431267] pegasus: Pegasus/Pegasus II USB Ethernet driver
[    0.431346] usbcore: registered new interface driver pegasus
[    0.431414] usbcore: registered new interface driver asix
[    0.431482] usbcore: registered new interface driver ax88179_178a
[    0.431548] usbcore: registered new interface driver cdc_ether
[    0.431627] usbcore: registered new interface driver smsc75xx
[    0.431695] usbcore: registered new interface driver smsc95xx
[    0.431761] usbcore: registered new interface driver net1080
[    0.431826] usbcore: registered new interface driver cdc_subset
[    0.431891] usbcore: registered new interface driver zaurus
[    0.431961] usbcore: registered new interface driver cdc_ncm
[    0.434087] usbcore: registered new interface driver usb-storage
[    0.437157] i2c_dev: i2c /dev entries driver
[    0.437287] cdns-i2c e0004000.i2c: can't get pinctrl, bus recovery not supported
[    0.438690] cdns-i2c e0004000.i2c: 400 kHz mmio e0004000 irq 29
[    0.440268] pps_ldisc: PPS line discipline registered
[    0.442065] lm75 0-0049: supply vs not found, using dummy regulator
[    0.442906] hwmon hwmon0: temp1_input not attached to any thermal zone
[    0.442924] lm75 0-0049: hwmon0: sensor 'stlm75'
[    0.444288] cpufreq: cpufreq_policy_online: CPU0: Running at unlisted initial frequency: 666666 kHz, changing to: 666667 kHz
[    0.446653] clocksource: ttc_clocksource: mask: 0xffff max_cycles: 0xffff, max_idle_ns: 537538477 ns
[    0.446745] timer #0 at (ptrval), irq=31
[    0.452719] armv7-pmu f8891000.pmu: hw perfevents: no interrupt-affinity property, guessing.
[    0.454520] hw perfevents: enabled with armv7_cortex_a9 PMU driver, 7 (8000003f) counters available
[    0.456535] The DCCP match is deprecated and scheduled to be removed in 2027.
[    0.456535] Please contact the netfilter-devel mailing list or update your iptables rules
[    0.456659] xt_time: kernel timezone is -0000
[    0.457136] NET: Registered PF_INET6 protocol family
[    0.458679] Segment Routing with IPv6
[    0.458756] In-situ OAM (IOAM) with IPv6
[    0.458943] NET: Registered PF_PACKET protocol family
[    0.458955] can: controller area network core
[    0.459006] NET: Registered PF_CAN protocol family
[    0.459016] can: raw protocol
[    0.459026] can: broadcast manager protocol
[    0.459040] can: netlink gateway - max_hops=1
[    0.459570] 8021q: 802.1Q VLAN Support v1.8
[    0.459919] Key type dns_resolver registered
[    0.460179] Registering SWP/SWPB emulation handler
[    0.475520] Loading compiled-in X.509 certificates
[    0.493223] e0001000.serial: ttyPS0 at MMIO 0xe0001000 (irq = 36, base_baud = 6249999) is a xuartps
[    0.493333] printk: legacy console [ttyPS0] enabled
[    1.703101] gtp: GTP module loaded (pdp ctx size 88 bytes)
[    1.709138] input: gpio-keys as /devices/soc0/gpio-keys/input/input0
[    1.742915] mmc0: SDHCI controller on e0100000.mmc [e0100000.mmc] using ADMA
[    1.887465] mmc0: new high speed SDHC card at address 1234
[    1.912151] mmcblk0: mmc0:1234 SA32G 29.1 GiB
[    1.924314]  mmcblk0: p1 p2
[    2.231959] clk: Disabling unused clocks
[    2.339115] EXT4-fs (mmcblk0p2): recovery complete
[    2.345184] EXT4-fs (mmcblk0p2): mounted filesystem c40538db-2516-46ef-82a1-977f752d3125 r/w with ordered data mode. Quota mode: disabled.
[    2.357709] VFS: Mounted root (ext4 filesystem) on device 179:2.
[    2.364921] devtmpfs: mounted
[    2.368032] VFS: Pivoted into new rootfs
[    2.373466] Freeing unused kernel image (initmem) memory: 1024K
[    2.379962] Run /sbin/init as init process
[    2.384078]   with arguments:
[    2.384087]     /sbin/init
[    2.384095]   with environment:
[    2.384102]     HOME=/
[    2.384109]     TERM=linux
[    2.520897] init: Console is alive
[    2.531740] kmodloader: no module folders for kernel version 7.1.0-10055-g921dfff644cc-dirty found
[    2.545441] init: - preinit -
[    5.562877] random: crng init done
[    5.737179] macb e000b000.ethernet eth0: PHY [e000b000.ethernet-ffffffff:07] driver [YT8531S Gigabit Ethernet] (irq=POLL)
[    5.748455] macb e000b000.ethernet eth0: configuring for phy/rgmii-id link mode
[    8.893217] macb e000b000.ethernet eth0: Link is Up - 1Gbps/Full - flow control off
[    9.882448] mount_root: mounting /dev/root with options
[    9.903126] EXT4-fs (mmcblk0p2): re-mounted c40538db-2516-46ef-82a1-977f752d3125.
[    9.912248] urandom-seed: Seeding with /etc/urandom.seed
[    9.943417] macb e000b000.ethernet eth0: Link is Down
[    9.957136] procd: - early -
[   10.709464] procd: - ubus -
[   10.766220] procd: - init -
[   11.109159] kmodloader: no module folders for kernel version 7.1.0-10055-g921dfff644cc-dirty found
[   12.015203] urngd: v1.0.2 started.
[   15.173735] macb e000b000.ethernet eth0: PHY [e000b000.ethernet-ffffffff:07] driver [YT8531S Gigabit Ethernet] (irq=POLL)
[   15.189689] macb e000b000.ethernet eth0: configuring for phy/rgmii-id link mode
[   17.283506] macb e000b000.ethernet eth0: Link is Up - 1Gbps/Full - flow control off
root@OpenWrt:~#


